// Jest Snapshot v1, https://goo.gl/fbAQLP

exports[`Table should render a Table from story 1`] = `
<table
  class="MuiTable-root MuiTable-stickyHeader css-s4rlsx-MuiTable-root"
  role="table"
>
  <thead
    class="MuiTableHead-root css-15wwp11-MuiTableHead-root"
  >
    <tr
      class="MuiTableRow-root MuiTableRow-head css-9hkuti-MuiTableRow-root"
      role="row"
    >
      <th
        class="MuiTableCell-root MuiTableCell-head MuiTableCell-stickyHeader MuiTableCell-sizeMedium css-epkznw-MuiTableCell-root"
        colspan="1"
        role="columnheader"
        scope="col"
      >
        type
      </th>
      <th
        class="MuiTableCell-root MuiTableCell-head MuiTableCell-stickyHeader MuiTableCell-sizeMedium css-epkznw-MuiTableCell-root"
        colspan="1"
        role="columnheader"
        scope="col"
      >
        status
      </th>
      <th
        class="MuiTableCell-root MuiTableCell-head MuiTableCell-stickyHeader MuiTableCell-sizeMedium css-epkznw-MuiTableCell-root"
        colspan="1"
        role="columnheader"
        scope="col"
      >
        amount
      </th>
      <th
        class="MuiTableCell-root MuiTableCell-head MuiTableCell-stickyHeader MuiTableCell-sizeMedium css-epkznw-MuiTableCell-root"
        colspan="1"
        role="columnheader"
        scope="col"
      >
        tax
      </th>
      <th
        class="MuiTableCell-root MuiTableCell-head MuiTableCell-stickyHeader MuiTableCell-sizeMedium css-epkznw-MuiTableCell-root"
        colspan="1"
        role="columnheader"
        scope="col"
      >
        paymentId
      </th>
      <th
        class="MuiTableCell-root MuiTableCell-head MuiTableCell-stickyHeader MuiTableCell-sizeMedium css-epkznw-MuiTableCell-root"
        colspan="1"
        role="columnheader"
        scope="col"
      >
        createdAt
      </th>
      <th
        class="MuiTableCell-root MuiTableCell-head MuiTableCell-stickyHeader MuiTableCell-sizeMedium css-epkznw-MuiTableCell-root"
        colspan="1"
        role="columnheader"
        scope="col"
      >
        updatedAt
      </th>
      <th
        class="MuiTableCell-root MuiTableCell-head MuiTableCell-stickyHeader MuiTableCell-sizeMedium css-epkznw-MuiTableCell-root"
        colspan="1"
        role="columnheader"
        scope="col"
        style="text-align: center;"
      >
        hash
      </th>
    </tr>
  </thead>
  <tbody
    class="MuiTableBody-root css-apqrd9-MuiTableBody-root"
    role="rowgroup"
  >
    <tr
      class="MuiTableRow-root css-9hkuti-MuiTableRow-root"
      role="row"
    >
      <td
        class="MuiTableCell-root MuiTableCell-body MuiTableCell-sizeMedium css-1lfmqma-MuiTableCell-root"
        role="cell"
      >
        deposit
      </td>
      <td
        class="MuiTableCell-root MuiTableCell-body MuiTableCell-sizeMedium css-1lfmqma-MuiTableCell-root"
        role="cell"
      >
        success
      </td>
      <td
        class="MuiTableCell-root MuiTableCell-body MuiTableCell-sizeMedium css-1lfmqma-MuiTableCell-root"
        role="cell"
      >
        1000000
      </td>
      <td
        class="MuiTableCell-root MuiTableCell-body MuiTableCell-sizeMedium css-1lfmqma-MuiTableCell-root"
        role="cell"
      >
        0
      </td>
      <td
        class="MuiTableCell-root MuiTableCell-body MuiTableCell-sizeMedium css-1lfmqma-MuiTableCell-root"
        role="cell"
      >
        #123456789
      </td>
      <td
        class="MuiTableCell-root MuiTableCell-body MuiTableCell-sizeMedium css-1lfmqma-MuiTableCell-root"
        role="cell"
      >
        2020-01-01
      </td>
      <td
        class="MuiTableCell-root MuiTableCell-body MuiTableCell-sizeMedium css-1lfmqma-MuiTableCell-root"
        role="cell"
      >
        2020-01-01
      </td>
      <td
        class="MuiTableCell-root MuiTableCell-body MuiTableCell-sizeMedium css-1lfmqma-MuiTableCell-root"
        role="cell"
      >
        0x01231312313123123
      </td>
    </tr>
  </tbody>
</table>
`;

exports[`Table should render a table with 7 columns and 30 rows 1`] = `
<div>
  <div
    class="MuiTableContainer-root css-1b1yesf-MuiTableContainer-root"
  >
    <table
      class="MuiTable-root MuiTable-stickyHeader css-s4rlsx-MuiTable-root"
      role="table"
    >
      <thead
        class="MuiTableHead-root css-15wwp11-MuiTableHead-root"
      >
        <tr
          class="MuiTableRow-root MuiTableRow-head css-9hkuti-MuiTableRow-root"
          role="row"
        >
          <th
            class="MuiTableCell-root MuiTableCell-head MuiTableCell-stickyHeader MuiTableCell-sizeMedium css-epkznw-MuiTableCell-root"
            colspan="1"
            role="columnheader"
            scope="col"
          >
            header-1
          </th>
          <th
            class="MuiTableCell-root MuiTableCell-head MuiTableCell-stickyHeader MuiTableCell-sizeMedium css-epkznw-MuiTableCell-root"
            colspan="1"
            role="columnheader"
            scope="col"
          >
            header-2
          </th>
          <th
            class="MuiTableCell-root MuiTableCell-head MuiTableCell-stickyHeader MuiTableCell-sizeMedium css-epkznw-MuiTableCell-root"
            colspan="1"
            role="columnheader"
            scope="col"
          >
            header-3
          </th>
          <th
            class="MuiTableCell-root MuiTableCell-head MuiTableCell-stickyHeader MuiTableCell-sizeMedium css-epkznw-MuiTableCell-root"
            colspan="1"
            role="columnheader"
            scope="col"
          >
            header-4
          </th>
          <th
            class="MuiTableCell-root MuiTableCell-head MuiTableCell-stickyHeader MuiTableCell-sizeMedium css-epkznw-MuiTableCell-root"
            colspan="1"
            role="columnheader"
            scope="col"
          >
            header-5
          </th>
          <th
            class="MuiTableCell-root MuiTableCell-head MuiTableCell-stickyHeader MuiTableCell-sizeMedium css-epkznw-MuiTableCell-root"
            colspan="1"
            role="columnheader"
            scope="col"
          >
            header-6
          </th>
          <th
            class="MuiTableCell-root MuiTableCell-head MuiTableCell-stickyHeader MuiTableCell-sizeMedium css-epkznw-MuiTableCell-root"
            colspan="1"
            role="columnheader"
            scope="col"
          >
            header-7
          </th>
        </tr>
      </thead>
      <tbody
        class="MuiTableBody-root css-apqrd9-MuiTableBody-root"
        role="rowgroup"
      >
        <tr
          class="MuiTableRow-root css-9hkuti-MuiTableRow-root"
          role="row"
        >
          <td
            class="MuiTableCell-root MuiTableCell-body MuiTableCell-sizeMedium css-1lfmqma-MuiTableCell-root"
            role="cell"
          >
            row-1-header-1
          </td>
          <td
            class="MuiTableCell-root MuiTableCell-body MuiTableCell-sizeMedium css-1lfmqma-MuiTableCell-root"
            role="cell"
          >
            row-1-header-2
          </td>
          <td
            class="MuiTableCell-root MuiTableCell-body MuiTableCell-sizeMedium css-1lfmqma-MuiTableCell-root"
            role="cell"
          >
            row-1-header-3
          </td>
          <td
            class="MuiTableCell-root MuiTableCell-body MuiTableCell-sizeMedium css-1lfmqma-MuiTableCell-root"
            role="cell"
          >
            row-1-header-4
          </td>
          <td
            class="MuiTableCell-root MuiTableCell-body MuiTableCell-sizeMedium css-1lfmqma-MuiTableCell-root"
            role="cell"
          >
            row-1-header-5
          </td>
          <td
            class="MuiTableCell-root MuiTableCell-body MuiTableCell-sizeMedium css-1lfmqma-MuiTableCell-root"
            role="cell"
          >
            row-1-header-6
          </td>
          <td
            class="MuiTableCell-root MuiTableCell-body MuiTableCell-sizeMedium css-1lfmqma-MuiTableCell-root"
            role="cell"
          >
            row-1-header-7
          </td>
        </tr>
        <tr
          class="MuiTableRow-root css-9hkuti-MuiTableRow-root"
          role="row"
        >
          <td
            class="MuiTableCell-root MuiTableCell-body MuiTableCell-sizeMedium css-1lfmqma-MuiTableCell-root"
            role="cell"
          >
            row-2-header-1
          </td>
          <td
            class="MuiTableCell-root MuiTableCell-body MuiTableCell-sizeMedium css-1lfmqma-MuiTableCell-root"
            role="cell"
          >
            row-2-header-2
          </td>
          <td
            class="MuiTableCell-root MuiTableCell-body MuiTableCell-sizeMedium css-1lfmqma-MuiTableCell-root"
            role="cell"
          >
            row-2-header-3
          </td>
          <td
            class="MuiTableCell-root MuiTableCell-body MuiTableCell-sizeMedium css-1lfmqma-MuiTableCell-root"
            role="cell"
          >
            row-2-header-4
          </td>
          <td
            class="MuiTableCell-root MuiTableCell-body MuiTableCell-sizeMedium css-1lfmqma-MuiTableCell-root"
            role="cell"
          >
            row-2-header-5
          </td>
          <td
            class="MuiTableCell-root MuiTableCell-body MuiTableCell-sizeMedium css-1lfmqma-MuiTableCell-root"
            role="cell"
          >
            row-2-header-6
          </td>
          <td
            class="MuiTableCell-root MuiTableCell-body MuiTableCell-sizeMedium css-1lfmqma-MuiTableCell-root"
            role="cell"
          >
            row-2-header-7
          </td>
        </tr>
        <tr
          class="MuiTableRow-root css-9hkuti-MuiTableRow-root"
          role="row"
        >
          <td
            class="MuiTableCell-root MuiTableCell-body MuiTableCell-sizeMedium css-1lfmqma-MuiTableCell-root"
            role="cell"
          >
            row-3-header-1
          </td>
          <td
            class="MuiTableCell-root MuiTableCell-body MuiTableCell-sizeMedium css-1lfmqma-MuiTableCell-root"
            role="cell"
          >
            row-3-header-2
          </td>
          <td
            class="MuiTableCell-root MuiTableCell-body MuiTableCell-sizeMedium css-1lfmqma-MuiTableCell-root"
            role="cell"
          >
            row-3-header-3
          </td>
          <td
            class="MuiTableCell-root MuiTableCell-body MuiTableCell-sizeMedium css-1lfmqma-MuiTableCell-root"
            role="cell"
          >
            row-3-header-4
          </td>
          <td
            class="MuiTableCell-root MuiTableCell-body MuiTableCell-sizeMedium css-1lfmqma-MuiTableCell-root"
            role="cell"
          >
            row-3-header-5
          </td>
          <td
            class="MuiTableCell-root MuiTableCell-body MuiTableCell-sizeMedium css-1lfmqma-MuiTableCell-root"
            role="cell"
          >
            row-3-header-6
          </td>
          <td
            class="MuiTableCell-root MuiTableCell-body MuiTableCell-sizeMedium css-1lfmqma-MuiTableCell-root"
            role="cell"
          >
            row-3-header-7
          </td>
        </tr>
        <tr
          class="MuiTableRow-root css-9hkuti-MuiTableRow-root"
          role="row"
        >
          <td
            class="MuiTableCell-root MuiTableCell-body MuiTableCell-sizeMedium css-1lfmqma-MuiTableCell-root"
            role="cell"
          >
            row-4-header-1
          </td>
          <td
            class="MuiTableCell-root MuiTableCell-body MuiTableCell-sizeMedium css-1lfmqma-MuiTableCell-root"
            role="cell"
          >
            row-4-header-2
          </td>
          <td
            class="MuiTableCell-root MuiTableCell-body MuiTableCell-sizeMedium css-1lfmqma-MuiTableCell-root"
            role="cell"
          >
            row-4-header-3
          </td>
          <td
            class="MuiTableCell-root MuiTableCell-body MuiTableCell-sizeMedium css-1lfmqma-MuiTableCell-root"
            role="cell"
          >
            row-4-header-4
          </td>
          <td
            class="MuiTableCell-root MuiTableCell-body MuiTableCell-sizeMedium css-1lfmqma-MuiTableCell-root"
            role="cell"
          >
            row-4-header-5
          </td>
          <td
            class="MuiTableCell-root MuiTableCell-body MuiTableCell-sizeMedium css-1lfmqma-MuiTableCell-root"
            role="cell"
          >
            row-4-header-6
          </td>
          <td
            class="MuiTableCell-root MuiTableCell-body MuiTableCell-sizeMedium css-1lfmqma-MuiTableCell-root"
            role="cell"
          >
            row-4-header-7
          </td>
        </tr>
        <tr
          class="MuiTableRow-root css-9hkuti-MuiTableRow-root"
          role="row"
        >
          <td
            class="MuiTableCell-root MuiTableCell-body MuiTableCell-sizeMedium css-1lfmqma-MuiTableCell-root"
            role="cell"
          >
            row-5-header-1
          </td>
          <td
            class="MuiTableCell-root MuiTableCell-body MuiTableCell-sizeMedium css-1lfmqma-MuiTableCell-root"
            role="cell"
          >
            row-5-header-2
          </td>
          <td
            class="MuiTableCell-root MuiTableCell-body MuiTableCell-sizeMedium css-1lfmqma-MuiTableCell-root"
            role="cell"
          >
            row-5-header-3
          </td>
          <td
            class="MuiTableCell-root MuiTableCell-body MuiTableCell-sizeMedium css-1lfmqma-MuiTableCell-root"
            role="cell"
          >
            row-5-header-4
          </td>
          <td
            class="MuiTableCell-root MuiTableCell-body MuiTableCell-sizeMedium css-1lfmqma-MuiTableCell-root"
            role="cell"
          >
            row-5-header-5
          </td>
          <td
            class="MuiTableCell-root MuiTableCell-body MuiTableCell-sizeMedium css-1lfmqma-MuiTableCell-root"
            role="cell"
          >
            row-5-header-6
          </td>
          <td
            class="MuiTableCell-root MuiTableCell-body MuiTableCell-sizeMedium css-1lfmqma-MuiTableCell-root"
            role="cell"
          >
            row-5-header-7
          </td>
        </tr>
        <tr
          class="MuiTableRow-root css-9hkuti-MuiTableRow-root"
          role="row"
        >
          <td
            class="MuiTableCell-root MuiTableCell-body MuiTableCell-sizeMedium css-1lfmqma-MuiTableCell-root"
            role="cell"
          >
            row-6-header-1
          </td>
          <td
            class="MuiTableCell-root MuiTableCell-body MuiTableCell-sizeMedium css-1lfmqma-MuiTableCell-root"
            role="cell"
          >
            row-6-header-2
          </td>
          <td
            class="MuiTableCell-root MuiTableCell-body MuiTableCell-sizeMedium css-1lfmqma-MuiTableCell-root"
            role="cell"
          >
            row-6-header-3
          </td>
          <td
            class="MuiTableCell-root MuiTableCell-body MuiTableCell-sizeMedium css-1lfmqma-MuiTableCell-root"
            role="cell"
          >
            row-6-header-4
          </td>
          <td
            class="MuiTableCell-root MuiTableCell-body MuiTableCell-sizeMedium css-1lfmqma-MuiTableCell-root"
            role="cell"
          >
            row-6-header-5
          </td>
          <td
            class="MuiTableCell-root MuiTableCell-body MuiTableCell-sizeMedium css-1lfmqma-MuiTableCell-root"
            role="cell"
          >
            row-6-header-6
          </td>
          <td
            class="MuiTableCell-root MuiTableCell-body MuiTableCell-sizeMedium css-1lfmqma-MuiTableCell-root"
            role="cell"
          >
            row-6-header-7
          </td>
        </tr>
        <tr
          class="MuiTableRow-root css-9hkuti-MuiTableRow-root"
          role="row"
        >
          <td
            class="MuiTableCell-root MuiTableCell-body MuiTableCell-sizeMedium css-1lfmqma-MuiTableCell-root"
            role="cell"
          >
            row-7-header-1
          </td>
          <td
            class="MuiTableCell-root MuiTableCell-body MuiTableCell-sizeMedium css-1lfmqma-MuiTableCell-root"
            role="cell"
          >
            row-7-header-2
          </td>
          <td
            class="MuiTableCell-root MuiTableCell-body MuiTableCell-sizeMedium css-1lfmqma-MuiTableCell-root"
            role="cell"
          >
            row-7-header-3
          </td>
          <td
            class="MuiTableCell-root MuiTableCell-body MuiTableCell-sizeMedium css-1lfmqma-MuiTableCell-root"
            role="cell"
          >
            row-7-header-4
          </td>
          <td
            class="MuiTableCell-root MuiTableCell-body MuiTableCell-sizeMedium css-1lfmqma-MuiTableCell-root"
            role="cell"
          >
            row-7-header-5
          </td>
          <td
            class="MuiTableCell-root MuiTableCell-body MuiTableCell-sizeMedium css-1lfmqma-MuiTableCell-root"
            role="cell"
          >
            row-7-header-6
          </td>
          <td
            class="MuiTableCell-root MuiTableCell-body MuiTableCell-sizeMedium css-1lfmqma-MuiTableCell-root"
            role="cell"
          >
            row-7-header-7
          </td>
        </tr>
        <tr
          class="MuiTableRow-root css-9hkuti-MuiTableRow-root"
          role="row"
        >
          <td
            class="MuiTableCell-root MuiTableCell-body MuiTableCell-sizeMedium css-1lfmqma-MuiTableCell-root"
            role="cell"
          >
            row-8-header-1
          </td>
          <td
            class="MuiTableCell-root MuiTableCell-body MuiTableCell-sizeMedium css-1lfmqma-MuiTableCell-root"
            role="cell"
          >
            row-8-header-2
          </td>
          <td
            class="MuiTableCell-root MuiTableCell-body MuiTableCell-sizeMedium css-1lfmqma-MuiTableCell-root"
            role="cell"
          >
            row-8-header-3
          </td>
          <td
            class="MuiTableCell-root MuiTableCell-body MuiTableCell-sizeMedium css-1lfmqma-MuiTableCell-root"
            role="cell"
          >
            row-8-header-4
          </td>
          <td
            class="MuiTableCell-root MuiTableCell-body MuiTableCell-sizeMedium css-1lfmqma-MuiTableCell-root"
            role="cell"
          >
            row-8-header-5
          </td>
          <td
            class="MuiTableCell-root MuiTableCell-body MuiTableCell-sizeMedium css-1lfmqma-MuiTableCell-root"
            role="cell"
          >
            row-8-header-6
          </td>
          <td
            class="MuiTableCell-root MuiTableCell-body MuiTableCell-sizeMedium css-1lfmqma-MuiTableCell-root"
            role="cell"
          >
            row-8-header-7
          </td>
        </tr>
        <tr
          class="MuiTableRow-root css-9hkuti-MuiTableRow-root"
          role="row"
        >
          <td
            class="MuiTableCell-root MuiTableCell-body MuiTableCell-sizeMedium css-1lfmqma-MuiTableCell-root"
            role="cell"
          >
            row-9-header-1
          </td>
          <td
            class="MuiTableCell-root MuiTableCell-body MuiTableCell-sizeMedium css-1lfmqma-MuiTableCell-root"
            role="cell"
          >
            row-9-header-2
          </td>
          <td
            class="MuiTableCell-root MuiTableCell-body MuiTableCell-sizeMedium css-1lfmqma-MuiTableCell-root"
            role="cell"
          >
            row-9-header-3
          </td>
          <td
            class="MuiTableCell-root MuiTableCell-body MuiTableCell-sizeMedium css-1lfmqma-MuiTableCell-root"
            role="cell"
          >
            row-9-header-4
          </td>
          <td
            class="MuiTableCell-root MuiTableCell-body MuiTableCell-sizeMedium css-1lfmqma-MuiTableCell-root"
            role="cell"
          >
            row-9-header-5
          </td>
          <td
            class="MuiTableCell-root MuiTableCell-body MuiTableCell-sizeMedium css-1lfmqma-MuiTableCell-root"
            role="cell"
          >
            row-9-header-6
          </td>
          <td
            class="MuiTableCell-root MuiTableCell-body MuiTableCell-sizeMedium css-1lfmqma-MuiTableCell-root"
            role="cell"
          >
            row-9-header-7
          </td>
        </tr>
        <tr
          class="MuiTableRow-root css-9hkuti-MuiTableRow-root"
          role="row"
        >
          <td
            class="MuiTableCell-root MuiTableCell-body MuiTableCell-sizeMedium css-1lfmqma-MuiTableCell-root"
            role="cell"
          >
            row-10-header-1
          </td>
          <td
            class="MuiTableCell-root MuiTableCell-body MuiTableCell-sizeMedium css-1lfmqma-MuiTableCell-root"
            role="cell"
          >
            row-10-header-2
          </td>
          <td
            class="MuiTableCell-root MuiTableCell-body MuiTableCell-sizeMedium css-1lfmqma-MuiTableCell-root"
            role="cell"
          >
            row-10-header-3
          </td>
          <td
            class="MuiTableCell-root MuiTableCell-body MuiTableCell-sizeMedium css-1lfmqma-MuiTableCell-root"
            role="cell"
          >
            row-10-header-4
          </td>
          <td
            class="MuiTableCell-root MuiTableCell-body MuiTableCell-sizeMedium css-1lfmqma-MuiTableCell-root"
            role="cell"
          >
            row-10-header-5
          </td>
          <td
            class="MuiTableCell-root MuiTableCell-body MuiTableCell-sizeMedium css-1lfmqma-MuiTableCell-root"
            role="cell"
          >
            row-10-header-6
          </td>
          <td
            class="MuiTableCell-root MuiTableCell-body MuiTableCell-sizeMedium css-1lfmqma-MuiTableCell-root"
            role="cell"
          >
            row-10-header-7
          </td>
        </tr>
        <tr
          class="MuiTableRow-root css-9hkuti-MuiTableRow-root"
          role="row"
        >
          <td
            class="MuiTableCell-root MuiTableCell-body MuiTableCell-sizeMedium css-1lfmqma-MuiTableCell-root"
            role="cell"
          >
            row-11-header-1
          </td>
          <td
            class="MuiTableCell-root MuiTableCell-body MuiTableCell-sizeMedium css-1lfmqma-MuiTableCell-root"
            role="cell"
          >
            row-11-header-2
          </td>
          <td
            class="MuiTableCell-root MuiTableCell-body MuiTableCell-sizeMedium css-1lfmqma-MuiTableCell-root"
            role="cell"
          >
            row-11-header-3
          </td>
          <td
            class="MuiTableCell-root MuiTableCell-body MuiTableCell-sizeMedium css-1lfmqma-MuiTableCell-root"
            role="cell"
          >
            row-11-header-4
          </td>
          <td
            class="MuiTableCell-root MuiTableCell-body MuiTableCell-sizeMedium css-1lfmqma-MuiTableCell-root"
            role="cell"
          >
            row-11-header-5
          </td>
          <td
            class="MuiTableCell-root MuiTableCell-body MuiTableCell-sizeMedium css-1lfmqma-MuiTableCell-root"
            role="cell"
          >
            row-11-header-6
          </td>
          <td
            class="MuiTableCell-root MuiTableCell-body MuiTableCell-sizeMedium css-1lfmqma-MuiTableCell-root"
            role="cell"
          >
            row-11-header-7
          </td>
        </tr>
        <tr
          class="MuiTableRow-root css-9hkuti-MuiTableRow-root"
          role="row"
        >
          <td
            class="MuiTableCell-root MuiTableCell-body MuiTableCell-sizeMedium css-1lfmqma-MuiTableCell-root"
            role="cell"
          >
            row-12-header-1
          </td>
          <td
            class="MuiTableCell-root MuiTableCell-body MuiTableCell-sizeMedium css-1lfmqma-MuiTableCell-root"
            role="cell"
          >
            row-12-header-2
          </td>
          <td
            class="MuiTableCell-root MuiTableCell-body MuiTableCell-sizeMedium css-1lfmqma-MuiTableCell-root"
            role="cell"
          >
            row-12-header-3
          </td>
          <td
            class="MuiTableCell-root MuiTableCell-body MuiTableCell-sizeMedium css-1lfmqma-MuiTableCell-root"
            role="cell"
          >
            row-12-header-4
          </td>
          <td
            class="MuiTableCell-root MuiTableCell-body MuiTableCell-sizeMedium css-1lfmqma-MuiTableCell-root"
            role="cell"
          >
            row-12-header-5
          </td>
          <td
            class="MuiTableCell-root MuiTableCell-body MuiTableCell-sizeMedium css-1lfmqma-MuiTableCell-root"
            role="cell"
          >
            row-12-header-6
          </td>
          <td
            class="MuiTableCell-root MuiTableCell-body MuiTableCell-sizeMedium css-1lfmqma-MuiTableCell-root"
            role="cell"
          >
            row-12-header-7
          </td>
        </tr>
        <tr
          class="MuiTableRow-root css-9hkuti-MuiTableRow-root"
          role="row"
        >
          <td
            class="MuiTableCell-root MuiTableCell-body MuiTableCell-sizeMedium css-1lfmqma-MuiTableCell-root"
            role="cell"
          >
            row-13-header-1
          </td>
          <td
            class="MuiTableCell-root MuiTableCell-body MuiTableCell-sizeMedium css-1lfmqma-MuiTableCell-root"
            role="cell"
          >
            row-13-header-2
          </td>
          <td
            class="MuiTableCell-root MuiTableCell-body MuiTableCell-sizeMedium css-1lfmqma-MuiTableCell-root"
            role="cell"
          >
            row-13-header-3
          </td>
          <td
            class="MuiTableCell-root MuiTableCell-body MuiTableCell-sizeMedium css-1lfmqma-MuiTableCell-root"
            role="cell"
          >
            row-13-header-4
          </td>
          <td
            class="MuiTableCell-root MuiTableCell-body MuiTableCell-sizeMedium css-1lfmqma-MuiTableCell-root"
            role="cell"
          >
            row-13-header-5
          </td>
          <td
            class="MuiTableCell-root MuiTableCell-body MuiTableCell-sizeMedium css-1lfmqma-MuiTableCell-root"
            role="cell"
          >
            row-13-header-6
          </td>
          <td
            class="MuiTableCell-root MuiTableCell-body MuiTableCell-sizeMedium css-1lfmqma-MuiTableCell-root"
            role="cell"
          >
            row-13-header-7
          </td>
        </tr>
        <tr
          class="MuiTableRow-root css-9hkuti-MuiTableRow-root"
          role="row"
        >
          <td
            class="MuiTableCell-root MuiTableCell-body MuiTableCell-sizeMedium css-1lfmqma-MuiTableCell-root"
            role="cell"
          >
            row-14-header-1
          </td>
          <td
            class="MuiTableCell-root MuiTableCell-body MuiTableCell-sizeMedium css-1lfmqma-MuiTableCell-root"
            role="cell"
          >
            row-14-header-2
          </td>
          <td
            class="MuiTableCell-root MuiTableCell-body MuiTableCell-sizeMedium css-1lfmqma-MuiTableCell-root"
            role="cell"
          >
            row-14-header-3
          </td>
          <td
            class="MuiTableCell-root MuiTableCell-body MuiTableCell-sizeMedium css-1lfmqma-MuiTableCell-root"
            role="cell"
          >
            row-14-header-4
          </td>
          <td
            class="MuiTableCell-root MuiTableCell-body MuiTableCell-sizeMedium css-1lfmqma-MuiTableCell-root"
            role="cell"
          >
            row-14-header-5
          </td>
          <td
            class="MuiTableCell-root MuiTableCell-body MuiTableCell-sizeMedium css-1lfmqma-MuiTableCell-root"
            role="cell"
          >
            row-14-header-6
          </td>
          <td
            class="MuiTableCell-root MuiTableCell-body MuiTableCell-sizeMedium css-1lfmqma-MuiTableCell-root"
            role="cell"
          >
            row-14-header-7
          </td>
        </tr>
        <tr
          class="MuiTableRow-root css-9hkuti-MuiTableRow-root"
          role="row"
        >
          <td
            class="MuiTableCell-root MuiTableCell-body MuiTableCell-sizeMedium css-1lfmqma-MuiTableCell-root"
            role="cell"
          >
            row-15-header-1
          </td>
          <td
            class="MuiTableCell-root MuiTableCell-body MuiTableCell-sizeMedium css-1lfmqma-MuiTableCell-root"
            role="cell"
          >
            row-15-header-2
          </td>
          <td
            class="MuiTableCell-root MuiTableCell-body MuiTableCell-sizeMedium css-1lfmqma-MuiTableCell-root"
            role="cell"
          >
            row-15-header-3
          </td>
          <td
            class="MuiTableCell-root MuiTableCell-body MuiTableCell-sizeMedium css-1lfmqma-MuiTableCell-root"
            role="cell"
          >
            row-15-header-4
          </td>
          <td
            class="MuiTableCell-root MuiTableCell-body MuiTableCell-sizeMedium css-1lfmqma-MuiTableCell-root"
            role="cell"
          >
            row-15-header-5
          </td>
          <td
            class="MuiTableCell-root MuiTableCell-body MuiTableCell-sizeMedium css-1lfmqma-MuiTableCell-root"
            role="cell"
          >
            row-15-header-6
          </td>
          <td
            class="MuiTableCell-root MuiTableCell-body MuiTableCell-sizeMedium css-1lfmqma-MuiTableCell-root"
            role="cell"
          >
            row-15-header-7
          </td>
        </tr>
        <tr
          class="MuiTableRow-root css-9hkuti-MuiTableRow-root"
          role="row"
        >
          <td
            class="MuiTableCell-root MuiTableCell-body MuiTableCell-sizeMedium css-1lfmqma-MuiTableCell-root"
            role="cell"
          >
            row-16-header-1
          </td>
          <td
            class="MuiTableCell-root MuiTableCell-body MuiTableCell-sizeMedium css-1lfmqma-MuiTableCell-root"
            role="cell"
          >
            row-16-header-2
          </td>
          <td
            class="MuiTableCell-root MuiTableCell-body MuiTableCell-sizeMedium css-1lfmqma-MuiTableCell-root"
            role="cell"
          >
            row-16-header-3
          </td>
          <td
            class="MuiTableCell-root MuiTableCell-body MuiTableCell-sizeMedium css-1lfmqma-MuiTableCell-root"
            role="cell"
          >
            row-16-header-4
          </td>
          <td
            class="MuiTableCell-root MuiTableCell-body MuiTableCell-sizeMedium css-1lfmqma-MuiTableCell-root"
            role="cell"
          >
            row-16-header-5
          </td>
          <td
            class="MuiTableCell-root MuiTableCell-body MuiTableCell-sizeMedium css-1lfmqma-MuiTableCell-root"
            role="cell"
          >
            row-16-header-6
          </td>
          <td
            class="MuiTableCell-root MuiTableCell-body MuiTableCell-sizeMedium css-1lfmqma-MuiTableCell-root"
            role="cell"
          >
            row-16-header-7
          </td>
        </tr>
        <tr
          class="MuiTableRow-root css-9hkuti-MuiTableRow-root"
          role="row"
        >
          <td
            class="MuiTableCell-root MuiTableCell-body MuiTableCell-sizeMedium css-1lfmqma-MuiTableCell-root"
            role="cell"
          >
            row-17-header-1
          </td>
          <td
            class="MuiTableCell-root MuiTableCell-body MuiTableCell-sizeMedium css-1lfmqma-MuiTableCell-root"
            role="cell"
          >
            row-17-header-2
          </td>
          <td
            class="MuiTableCell-root MuiTableCell-body MuiTableCell-sizeMedium css-1lfmqma-MuiTableCell-root"
            role="cell"
          >
            row-17-header-3
          </td>
          <td
            class="MuiTableCell-root MuiTableCell-body MuiTableCell-sizeMedium css-1lfmqma-MuiTableCell-root"
            role="cell"
          >
            row-17-header-4
          </td>
          <td
            class="MuiTableCell-root MuiTableCell-body MuiTableCell-sizeMedium css-1lfmqma-MuiTableCell-root"
            role="cell"
          >
            row-17-header-5
          </td>
          <td
            class="MuiTableCell-root MuiTableCell-body MuiTableCell-sizeMedium css-1lfmqma-MuiTableCell-root"
            role="cell"
          >
            row-17-header-6
          </td>
          <td
            class="MuiTableCell-root MuiTableCell-body MuiTableCell-sizeMedium css-1lfmqma-MuiTableCell-root"
            role="cell"
          >
            row-17-header-7
          </td>
        </tr>
        <tr
          class="MuiTableRow-root css-9hkuti-MuiTableRow-root"
          role="row"
        >
          <td
            class="MuiTableCell-root MuiTableCell-body MuiTableCell-sizeMedium css-1lfmqma-MuiTableCell-root"
            role="cell"
          >
            row-18-header-1
          </td>
          <td
            class="MuiTableCell-root MuiTableCell-body MuiTableCell-sizeMedium css-1lfmqma-MuiTableCell-root"
            role="cell"
          >
            row-18-header-2
          </td>
          <td
            class="MuiTableCell-root MuiTableCell-body MuiTableCell-sizeMedium css-1lfmqma-MuiTableCell-root"
            role="cell"
          >
            row-18-header-3
          </td>
          <td
            class="MuiTableCell-root MuiTableCell-body MuiTableCell-sizeMedium css-1lfmqma-MuiTableCell-root"
            role="cell"
          >
            row-18-header-4
          </td>
          <td
            class="MuiTableCell-root MuiTableCell-body MuiTableCell-sizeMedium css-1lfmqma-MuiTableCell-root"
            role="cell"
          >
            row-18-header-5
          </td>
          <td
            class="MuiTableCell-root MuiTableCell-body MuiTableCell-sizeMedium css-1lfmqma-MuiTableCell-root"
            role="cell"
          >
            row-18-header-6
          </td>
          <td
            class="MuiTableCell-root MuiTableCell-body MuiTableCell-sizeMedium css-1lfmqma-MuiTableCell-root"
            role="cell"
          >
            row-18-header-7
          </td>
        </tr>
        <tr
          class="MuiTableRow-root css-9hkuti-MuiTableRow-root"
          role="row"
        >
          <td
            class="MuiTableCell-root MuiTableCell-body MuiTableCell-sizeMedium css-1lfmqma-MuiTableCell-root"
            role="cell"
          >
            row-19-header-1
          </td>
          <td
            class="MuiTableCell-root MuiTableCell-body MuiTableCell-sizeMedium css-1lfmqma-MuiTableCell-root"
            role="cell"
          >
            row-19-header-2
          </td>
          <td
            class="MuiTableCell-root MuiTableCell-body MuiTableCell-sizeMedium css-1lfmqma-MuiTableCell-root"
            role="cell"
          >
            row-19-header-3
          </td>
          <td
            class="MuiTableCell-root MuiTableCell-body MuiTableCell-sizeMedium css-1lfmqma-MuiTableCell-root"
            role="cell"
          >
            row-19-header-4
          </td>
          <td
            class="MuiTableCell-root MuiTableCell-body MuiTableCell-sizeMedium css-1lfmqma-MuiTableCell-root"
            role="cell"
          >
            row-19-header-5
          </td>
          <td
            class="MuiTableCell-root MuiTableCell-body MuiTableCell-sizeMedium css-1lfmqma-MuiTableCell-root"
            role="cell"
          >
            row-19-header-6
          </td>
          <td
            class="MuiTableCell-root MuiTableCell-body MuiTableCell-sizeMedium css-1lfmqma-MuiTableCell-root"
            role="cell"
          >
            row-19-header-7
          </td>
        </tr>
        <tr
          class="MuiTableRow-root css-9hkuti-MuiTableRow-root"
          role="row"
        >
          <td
            class="MuiTableCell-root MuiTableCell-body MuiTableCell-sizeMedium css-1lfmqma-MuiTableCell-root"
            role="cell"
          >
            row-20-header-1
          </td>
          <td
            class="MuiTableCell-root MuiTableCell-body MuiTableCell-sizeMedium css-1lfmqma-MuiTableCell-root"
            role="cell"
          >
            row-20-header-2
          </td>
          <td
            class="MuiTableCell-root MuiTableCell-body MuiTableCell-sizeMedium css-1lfmqma-MuiTableCell-root"
            role="cell"
          >
            row-20-header-3
          </td>
          <td
            class="MuiTableCell-root MuiTableCell-body MuiTableCell-sizeMedium css-1lfmqma-MuiTableCell-root"
            role="cell"
          >
            row-20-header-4
          </td>
          <td
            class="MuiTableCell-root MuiTableCell-body MuiTableCell-sizeMedium css-1lfmqma-MuiTableCell-root"
            role="cell"
          >
            row-20-header-5
          </td>
          <td
            class="MuiTableCell-root MuiTableCell-body MuiTableCell-sizeMedium css-1lfmqma-MuiTableCell-root"
            role="cell"
          >
            row-20-header-6
          </td>
          <td
            class="MuiTableCell-root MuiTableCell-body MuiTableCell-sizeMedium css-1lfmqma-MuiTableCell-root"
            role="cell"
          >
            row-20-header-7
          </td>
        </tr>
        <tr
          class="MuiTableRow-root css-9hkuti-MuiTableRow-root"
          role="row"
        >
          <td
            class="MuiTableCell-root MuiTableCell-body MuiTableCell-sizeMedium css-1lfmqma-MuiTableCell-root"
            role="cell"
          >
            row-21-header-1
          </td>
          <td
            class="MuiTableCell-root MuiTableCell-body MuiTableCell-sizeMedium css-1lfmqma-MuiTableCell-root"
            role="cell"
          >
            row-21-header-2
          </td>
          <td
            class="MuiTableCell-root MuiTableCell-body MuiTableCell-sizeMedium css-1lfmqma-MuiTableCell-root"
            role="cell"
          >
            row-21-header-3
          </td>
          <td
            class="MuiTableCell-root MuiTableCell-body MuiTableCell-sizeMedium css-1lfmqma-MuiTableCell-root"
            role="cell"
          >
            row-21-header-4
          </td>
          <td
            class="MuiTableCell-root MuiTableCell-body MuiTableCell-sizeMedium css-1lfmqma-MuiTableCell-root"
            role="cell"
          >
            row-21-header-5
          </td>
          <td
            class="MuiTableCell-root MuiTableCell-body MuiTableCell-sizeMedium css-1lfmqma-MuiTableCell-root"
            role="cell"
          >
            row-21-header-6
          </td>
          <td
            class="MuiTableCell-root MuiTableCell-body MuiTableCell-sizeMedium css-1lfmqma-MuiTableCell-root"
            role="cell"
          >
            row-21-header-7
          </td>
        </tr>
        <tr
          class="MuiTableRow-root css-9hkuti-MuiTableRow-root"
          role="row"
        >
          <td
            class="MuiTableCell-root MuiTableCell-body MuiTableCell-sizeMedium css-1lfmqma-MuiTableCell-root"
            role="cell"
          >
            row-22-header-1
          </td>
          <td
            class="MuiTableCell-root MuiTableCell-body MuiTableCell-sizeMedium css-1lfmqma-MuiTableCell-root"
            role="cell"
          >
            row-22-header-2
          </td>
          <td
            class="MuiTableCell-root MuiTableCell-body MuiTableCell-sizeMedium css-1lfmqma-MuiTableCell-root"
            role="cell"
          >
            row-22-header-3
          </td>
          <td
            class="MuiTableCell-root MuiTableCell-body MuiTableCell-sizeMedium css-1lfmqma-MuiTableCell-root"
            role="cell"
          >
            row-22-header-4
          </td>
          <td
            class="MuiTableCell-root MuiTableCell-body MuiTableCell-sizeMedium css-1lfmqma-MuiTableCell-root"
            role="cell"
          >
            row-22-header-5
          </td>
          <td
            class="MuiTableCell-root MuiTableCell-body MuiTableCell-sizeMedium css-1lfmqma-MuiTableCell-root"
            role="cell"
          >
            row-22-header-6
          </td>
          <td
            class="MuiTableCell-root MuiTableCell-body MuiTableCell-sizeMedium css-1lfmqma-MuiTableCell-root"
            role="cell"
          >
            row-22-header-7
          </td>
        </tr>
        <tr
          class="MuiTableRow-root css-9hkuti-MuiTableRow-root"
          role="row"
        >
          <td
            class="MuiTableCell-root MuiTableCell-body MuiTableCell-sizeMedium css-1lfmqma-MuiTableCell-root"
            role="cell"
          >
            row-23-header-1
          </td>
          <td
            class="MuiTableCell-root MuiTableCell-body MuiTableCell-sizeMedium css-1lfmqma-MuiTableCell-root"
            role="cell"
          >
            row-23-header-2
          </td>
          <td
            class="MuiTableCell-root MuiTableCell-body MuiTableCell-sizeMedium css-1lfmqma-MuiTableCell-root"
            role="cell"
          >
            row-23-header-3
          </td>
          <td
            class="MuiTableCell-root MuiTableCell-body MuiTableCell-sizeMedium css-1lfmqma-MuiTableCell-root"
            role="cell"
          >
            row-23-header-4
          </td>
          <td
            class="MuiTableCell-root MuiTableCell-body MuiTableCell-sizeMedium css-1lfmqma-MuiTableCell-root"
            role="cell"
          >
            row-23-header-5
          </td>
          <td
            class="MuiTableCell-root MuiTableCell-body MuiTableCell-sizeMedium css-1lfmqma-MuiTableCell-root"
            role="cell"
          >
            row-23-header-6
          </td>
          <td
            class="MuiTableCell-root MuiTableCell-body MuiTableCell-sizeMedium css-1lfmqma-MuiTableCell-root"
            role="cell"
          >
            row-23-header-7
          </td>
        </tr>
        <tr
          class="MuiTableRow-root css-9hkuti-MuiTableRow-root"
          role="row"
        >
          <td
            class="MuiTableCell-root MuiTableCell-body MuiTableCell-sizeMedium css-1lfmqma-MuiTableCell-root"
            role="cell"
          >
            row-24-header-1
          </td>
          <td
            class="MuiTableCell-root MuiTableCell-body MuiTableCell-sizeMedium css-1lfmqma-MuiTableCell-root"
            role="cell"
          >
            row-24-header-2
          </td>
          <td
            class="MuiTableCell-root MuiTableCell-body MuiTableCell-sizeMedium css-1lfmqma-MuiTableCell-root"
            role="cell"
          >
            row-24-header-3
          </td>
          <td
            class="MuiTableCell-root MuiTableCell-body MuiTableCell-sizeMedium css-1lfmqma-MuiTableCell-root"
            role="cell"
          >
            row-24-header-4
          </td>
          <td
            class="MuiTableCell-root MuiTableCell-body MuiTableCell-sizeMedium css-1lfmqma-MuiTableCell-root"
            role="cell"
          >
            row-24-header-5
          </td>
          <td
            class="MuiTableCell-root MuiTableCell-body MuiTableCell-sizeMedium css-1lfmqma-MuiTableCell-root"
            role="cell"
          >
            row-24-header-6
          </td>
          <td
            class="MuiTableCell-root MuiTableCell-body MuiTableCell-sizeMedium css-1lfmqma-MuiTableCell-root"
            role="cell"
          >
            row-24-header-7
          </td>
        </tr>
        <tr
          class="MuiTableRow-root css-9hkuti-MuiTableRow-root"
          role="row"
        >
          <td
            class="MuiTableCell-root MuiTableCell-body MuiTableCell-sizeMedium css-1lfmqma-MuiTableCell-root"
            role="cell"
          >
            row-25-header-1
          </td>
          <td
            class="MuiTableCell-root MuiTableCell-body MuiTableCell-sizeMedium css-1lfmqma-MuiTableCell-root"
            role="cell"
          >
            row-25-header-2
          </td>
          <td
            class="MuiTableCell-root MuiTableCell-body MuiTableCell-sizeMedium css-1lfmqma-MuiTableCell-root"
            role="cell"
          >
            row-25-header-3
          </td>
          <td
            class="MuiTableCell-root MuiTableCell-body MuiTableCell-sizeMedium css-1lfmqma-MuiTableCell-root"
            role="cell"
          >
            row-25-header-4
          </td>
          <td
            class="MuiTableCell-root MuiTableCell-body MuiTableCell-sizeMedium css-1lfmqma-MuiTableCell-root"
            role="cell"
          >
            row-25-header-5
          </td>
          <td
            class="MuiTableCell-root MuiTableCell-body MuiTableCell-sizeMedium css-1lfmqma-MuiTableCell-root"
            role="cell"
          >
            row-25-header-6
          </td>
          <td
            class="MuiTableCell-root MuiTableCell-body MuiTableCell-sizeMedium css-1lfmqma-MuiTableCell-root"
            role="cell"
          >
            row-25-header-7
          </td>
        </tr>
        <tr
          class="MuiTableRow-root css-9hkuti-MuiTableRow-root"
          role="row"
        >
          <td
            class="MuiTableCell-root MuiTableCell-body MuiTableCell-sizeMedium css-1lfmqma-MuiTableCell-root"
            role="cell"
          >
            row-26-header-1
          </td>
          <td
            class="MuiTableCell-root MuiTableCell-body MuiTableCell-sizeMedium css-1lfmqma-MuiTableCell-root"
            role="cell"
          >
            row-26-header-2
          </td>
          <td
            class="MuiTableCell-root MuiTableCell-body MuiTableCell-sizeMedium css-1lfmqma-MuiTableCell-root"
            role="cell"
          >
            row-26-header-3
          </td>
          <td
            class="MuiTableCell-root MuiTableCell-body MuiTableCell-sizeMedium css-1lfmqma-MuiTableCell-root"
            role="cell"
          >
            row-26-header-4
          </td>
          <td
            class="MuiTableCell-root MuiTableCell-body MuiTableCell-sizeMedium css-1lfmqma-MuiTableCell-root"
            role="cell"
          >
            row-26-header-5
          </td>
          <td
            class="MuiTableCell-root MuiTableCell-body MuiTableCell-sizeMedium css-1lfmqma-MuiTableCell-root"
            role="cell"
          >
            row-26-header-6
          </td>
          <td
            class="MuiTableCell-root MuiTableCell-body MuiTableCell-sizeMedium css-1lfmqma-MuiTableCell-root"
            role="cell"
          >
            row-26-header-7
          </td>
        </tr>
        <tr
          class="MuiTableRow-root css-9hkuti-MuiTableRow-root"
          role="row"
        >
          <td
            class="MuiTableCell-root MuiTableCell-body MuiTableCell-sizeMedium css-1lfmqma-MuiTableCell-root"
            role="cell"
          >
            row-27-header-1
          </td>
          <td
            class="MuiTableCell-root MuiTableCell-body MuiTableCell-sizeMedium css-1lfmqma-MuiTableCell-root"
            role="cell"
          >
            row-27-header-2
          </td>
          <td
            class="MuiTableCell-root MuiTableCell-body MuiTableCell-sizeMedium css-1lfmqma-MuiTableCell-root"
            role="cell"
          >
            row-27-header-3
          </td>
          <td
            class="MuiTableCell-root MuiTableCell-body MuiTableCell-sizeMedium css-1lfmqma-MuiTableCell-root"
            role="cell"
          >
            row-27-header-4
          </td>
          <td
            class="MuiTableCell-root MuiTableCell-body MuiTableCell-sizeMedium css-1lfmqma-MuiTableCell-root"
            role="cell"
          >
            row-27-header-5
          </td>
          <td
            class="MuiTableCell-root MuiTableCell-body MuiTableCell-sizeMedium css-1lfmqma-MuiTableCell-root"
            role="cell"
          >
            row-27-header-6
          </td>
          <td
            class="MuiTableCell-root MuiTableCell-body MuiTableCell-sizeMedium css-1lfmqma-MuiTableCell-root"
            role="cell"
          >
            row-27-header-7
          </td>
        </tr>
        <tr
          class="MuiTableRow-root css-9hkuti-MuiTableRow-root"
          role="row"
        >
          <td
            class="MuiTableCell-root MuiTableCell-body MuiTableCell-sizeMedium css-1lfmqma-MuiTableCell-root"
            role="cell"
          >
            row-28-header-1
          </td>
          <td
            class="MuiTableCell-root MuiTableCell-body MuiTableCell-sizeMedium css-1lfmqma-MuiTableCell-root"
            role="cell"
          >
            row-28-header-2
          </td>
          <td
            class="MuiTableCell-root MuiTableCell-body MuiTableCell-sizeMedium css-1lfmqma-MuiTableCell-root"
            role="cell"
          >
            row-28-header-3
          </td>
          <td
            class="MuiTableCell-root MuiTableCell-body MuiTableCell-sizeMedium css-1lfmqma-MuiTableCell-root"
            role="cell"
          >
            row-28-header-4
          </td>
          <td
            class="MuiTableCell-root MuiTableCell-body MuiTableCell-sizeMedium css-1lfmqma-MuiTableCell-root"
            role="cell"
          >
            row-28-header-5
          </td>
          <td
            class="MuiTableCell-root MuiTableCell-body MuiTableCell-sizeMedium css-1lfmqma-MuiTableCell-root"
            role="cell"
          >
            row-28-header-6
          </td>
          <td
            class="MuiTableCell-root MuiTableCell-body MuiTableCell-sizeMedium css-1lfmqma-MuiTableCell-root"
            role="cell"
          >
            row-28-header-7
          </td>
        </tr>
        <tr
          class="MuiTableRow-root css-9hkuti-MuiTableRow-root"
          role="row"
        >
          <td
            class="MuiTableCell-root MuiTableCell-body MuiTableCell-sizeMedium css-1lfmqma-MuiTableCell-root"
            role="cell"
          >
            row-29-header-1
          </td>
          <td
            class="MuiTableCell-root MuiTableCell-body MuiTableCell-sizeMedium css-1lfmqma-MuiTableCell-root"
            role="cell"
          >
            row-29-header-2
          </td>
          <td
            class="MuiTableCell-root MuiTableCell-body MuiTableCell-sizeMedium css-1lfmqma-MuiTableCell-root"
            role="cell"
          >
            row-29-header-3
          </td>
          <td
            class="MuiTableCell-root MuiTableCell-body MuiTableCell-sizeMedium css-1lfmqma-MuiTableCell-root"
            role="cell"
          >
            row-29-header-4
          </td>
          <td
            class="MuiTableCell-root MuiTableCell-body MuiTableCell-sizeMedium css-1lfmqma-MuiTableCell-root"
            role="cell"
          >
            row-29-header-5
          </td>
          <td
            class="MuiTableCell-root MuiTableCell-body MuiTableCell-sizeMedium css-1lfmqma-MuiTableCell-root"
            role="cell"
          >
            row-29-header-6
          </td>
          <td
            class="MuiTableCell-root MuiTableCell-body MuiTableCell-sizeMedium css-1lfmqma-MuiTableCell-root"
            role="cell"
          >
            row-29-header-7
          </td>
        </tr>
        <tr
          class="MuiTableRow-root css-9hkuti-MuiTableRow-root"
          role="row"
        >
          <td
            class="MuiTableCell-root MuiTableCell-body MuiTableCell-sizeMedium css-1lfmqma-MuiTableCell-root"
            role="cell"
          >
            row-30-header-1
          </td>
          <td
            class="MuiTableCell-root MuiTableCell-body MuiTableCell-sizeMedium css-1lfmqma-MuiTableCell-root"
            role="cell"
          >
            row-30-header-2
          </td>
          <td
            class="MuiTableCell-root MuiTableCell-body MuiTableCell-sizeMedium css-1lfmqma-MuiTableCell-root"
            role="cell"
          >
            row-30-header-3
          </td>
          <td
            class="MuiTableCell-root MuiTableCell-body MuiTableCell-sizeMedium css-1lfmqma-MuiTableCell-root"
            role="cell"
          >
            row-30-header-4
          </td>
          <td
            class="MuiTableCell-root MuiTableCell-body MuiTableCell-sizeMedium css-1lfmqma-MuiTableCell-root"
            role="cell"
          >
            row-30-header-5
          </td>
          <td
            class="MuiTableCell-root MuiTableCell-body MuiTableCell-sizeMedium css-1lfmqma-MuiTableCell-root"
            role="cell"
          >
            row-30-header-6
          </td>
          <td
            class="MuiTableCell-root MuiTableCell-body MuiTableCell-sizeMedium css-1lfmqma-MuiTableCell-root"
            role="cell"
          >
            row-30-header-7
          </td>
        </tr>
      </tbody>
    </table>
  </div>
</div>
`;

exports[`Table should render a table with no columns and no tables 1`] = `
<div>
  <div
    class="MuiTableContainer-root css-1b1yesf-MuiTableContainer-root"
  >
    <table
      class="MuiTable-root MuiTable-stickyHeader css-s4rlsx-MuiTable-root"
      role="table"
    >
      <thead
        class="MuiTableHead-root css-15wwp11-MuiTableHead-root"
      >
        <tr
          class="MuiTableRow-root MuiTableRow-head css-9hkuti-MuiTableRow-root"
        />
      </thead>
      <tbody
        class="MuiTableBody-root css-apqrd9-MuiTableBody-root"
        role="rowgroup"
      />
    </table>
  </div>
</div>
`;
